BL51 BANKED LINKER/LOCATER V6.22                                                        05/09/2026  16:06:00  PAGE 1


BL51 BANKED LINKER/LOCATER V6.22, INVOKED BY:
C:\KEIL_V5\C51\BIN\BL51.EXE .\Objects\main.obj TO .\Objects\Project PRINT (.\Listings\Project.m51) RAMSIZE (256)


MEMORY MODEL: SMALL


INPUT MODULES INCLUDED:
  .\Objects\main.obj (MAIN)
  C:\KEIL_V5\C51\LIB\C51S.LIB (?C_STARTUP)
  C:\KEIL_V5\C51\LIB\C51S.LIB (PRINTF)
  C:\KEIL_V5\C51\LIB\C51S.LIB (?C?CLDPTR)
  C:\KEIL_V5\C51\LIB\C51S.LIB (?C?CLDOPTR)
  C:\KEIL_V5\C51\LIB\C51S.LIB (?C?CSTPTR)
  C:\KEIL_V5\C51\LIB\C51S.LIB (?C?PLDIIDATA)
  C:\KEIL_V5\C51\LIB\C51S.LIB (?C?CCASE)


LINK MAP OF MODULE:  .\Objects\Project (MAIN)


            TYPE    BASE      LENGTH    RELOCATION   SEGMENT NAME
            -----------------------------------------------------

            * * * * * * *   D A T A   M E M O R Y   * * * * * * *
            REG     0000H     0008H     ABSOLUTE     "REG BANK 0"
            DATA    0008H     0015H     UNIT         _DATA_GROUP_
                    001DH     0003H                  *** GAP ***
            BIT     0020H.0   0001H.1   UNIT         _BIT_GROUP_
                    0021H.1   0000H.7                *** GAP ***
            IDATA   0022H     0001H     UNIT         ?STACK

            * * * * * * *   C O D E   M E M O R Y   * * * * * * *
            CODE    0000H     0003H     ABSOLUTE     
            CODE    0003H     035CH     UNIT         ?PR?PRINTF?PRINTF
            CODE    035FH     008EH     UNIT         ?C?LIB_CODE
            CODE    03EDH     0026H     UNIT         ?PR?MAIN?MAIN
            CODE    0413H     0019H     UNIT         ?PR?UART_INIT?MAIN
            CODE    042CH     0015H     UNIT         ?PR?_DELAY?MAIN
            CODE    0441H     0015H     UNIT         ?CO?MAIN
            CODE    0456H     000CH     UNIT         ?C_C51STARTUP
            CODE    0462H     0008H     UNIT         ?PR?_PUTCHAR?MAIN



OVERLAY MAP OF MODULE:   .\Objects\Project (MAIN)


SEGMENT                           BIT_GROUP          DATA_GROUP 
  +--> CALLED SEGMENT          START    LENGTH     START    LENGTH
------------------------------------------------------------------
?C_C51STARTUP                  -----    -----      -----    -----
  +--> ?PR?MAIN?MAIN

?PR?MAIN?MAIN                  -----    -----      0008H    0001H
  +--> ?PR?UART_INIT?MAIN
  +--> ?CO?MAIN
  +--> ?PR?PRINTF?PRINTF
BL51 BANKED LINKER/LOCATER V6.22                                                      05/09/2026  16:06:00  PAGE 2


  +--> ?PR?_DELAY?MAIN

?PR?PRINTF?PRINTF              0020H.0  0001H.1    0009H    0014H
  +--> ?PR?_PUTCHAR?MAIN



SYMBOL TABLE OF MODULE:  .\Objects\Project (MAIN)

  VALUE           TYPE          NAME
  ----------------------------------

  -------         MODULE        MAIN
  C:0000H         SYMBOL        _ICE_DUMMY_
  B:0098H.1       PUBLIC        TI
  C:03EDH         PUBLIC        main
  D:0099H         PUBLIC        SBUF
  D:0087H         PUBLIC        PCON
  C:0413H         PUBLIC        UART_Init
  D:0098H         PUBLIC        SCON
  D:0089H         PUBLIC        TMOD
  B:00A8H.3       PUBLIC        ET1
  D:008DH         PUBLIC        TH1
  D:008BH         PUBLIC        TL1
  B:0088H.6       PUBLIC        TR1
  C:042CH         PUBLIC        _Delay
  C:0462H         PUBLIC        _putchar
  -------         PROC          UART_INIT
  C:0413H         LINE#         4
  C:0413H         LINE#         5
  C:0413H         LINE#         6
  C:0416H         LINE#         7
  C:0419H         LINE#         8
  C:041CH         LINE#         9
  C:041FH         LINE#         10
  C:0422H         LINE#         11
  C:0425H         LINE#         12
  C:0427H         LINE#         13
  C:0429H         LINE#         14
  C:042BH         LINE#         15
  -------         ENDPROC       UART_INIT
  -------         PROC          _PUTCHAR
  D:0007H         SYMBOL        c
  C:0462H         LINE#         17
  C:0462H         LINE#         18
  C:0462H         LINE#         19
  C:0464H         LINE#         20
  C:0467H         LINE#         21
  C:0469H         LINE#         22
  C:0469H         LINE#         23
  -------         ENDPROC       _PUTCHAR
  -------         PROC          _DELAY
  D:0006H         SYMBOL        xms
  -------         DO            
  D:0005H         SYMBOL        i
  D:0004H         SYMBOL        j
  -------         ENDDO         
BL51 BANKED LINKER/LOCATER V6.22                                                      05/09/2026  16:06:00  PAGE 3


  C:042CH         LINE#         25
  C:042CH         LINE#         26
  C:042CH         LINE#         28
  C:0436H         LINE#         29
  C:0436H         LINE#         30
  C:0438H         LINE#         31
  C:043AH         LINE#         33
  C:043AH         LINE#         34
  C:043CH         LINE#         35
  C:043EH         LINE#         36
  C:0440H         LINE#         37
  -------         ENDPROC       _DELAY
  -------         PROC          MAIN
  -------         DO            
  D:0008H         SYMBOL        Sec
  -------         ENDDO         
  C:03EDH         LINE#         39
  C:03EDH         LINE#         40
  C:03EDH         LINE#         41
  C:03F0H         LINE#         42
  C:03F3H         LINE#         44
  C:03FCH         LINE#         45
  C:03FCH         LINE#         46
  C:03FCH         LINE#         47
  C:0408H         LINE#         48
  C:040AH         LINE#         49
  C:0411H         LINE#         50
  -------         ENDPROC       MAIN
  -------         ENDMOD        MAIN

  -------         MODULE        PRINTF
  D:0009H         PUBLIC        ?_PRINTF517?BYTE
  D:0009H         PUBLIC        ?_PRINTF?BYTE
  D:0009H         PUBLIC        ?_SPRINTF517?BYTE
  D:0009H         PUBLIC        ?_SPRINTF?BYTE
  C:0065H         PUBLIC        _PRINTF
  C:0065H         PUBLIC        _PRINTF517
  C:005FH         PUBLIC        _SPRINTF
  C:005FH         PUBLIC        _SPRINTF517
  -------         ENDMOD        PRINTF

  -------         MODULE        ?C?CLDPTR
  C:035FH         PUBLIC        ?C?CLDPTR
  -------         ENDMOD        ?C?CLDPTR

  -------         MODULE        ?C?CLDOPTR
  C:0378H         PUBLIC        ?C?CLDOPTR
  -------         ENDMOD        ?C?CLDOPTR

  -------         MODULE        ?C?CSTPTR
  C:03A5H         PUBLIC        ?C?CSTPTR
  -------         ENDMOD        ?C?CSTPTR

  -------         MODULE        ?C?PLDIIDATA
  C:03B7H         PUBLIC        ?C?PLDIIDATA
  -------         ENDMOD        ?C?PLDIIDATA

BL51 BANKED LINKER/LOCATER V6.22                                                      05/09/2026  16:06:00  PAGE 4


  -------         MODULE        ?C?CCASE
  C:03C7H         PUBLIC        ?C?CCASE
  -------         ENDMOD        ?C?CCASE

Program Size: data=31.1 xdata=0 code=1130
LINK/LOCATE RUN COMPLETE.  0 WARNING(S),  0 ERROR(S)
